[backblue.gif]
[fade.gif]
[index.html]
[ajax.googleapis.com/ajax/libs/jquery/3.6.0/jquery.min.js]
[nncminhchau.vn/assets/js/utilities.js]
[nncminhchau.vn/assets/images/header-logo.png]
[nncminhchau.vn/vendor/jquery/jquery.min.js]
[nncminhchau.vn/vendor/bootstrap/js/bootstrap.bundle.min.js]
[nncminhchau.vn/assets/js/custom.js]
[nncminhchau.vn/index.html]
[nncminhchau.vn/vendor/bootstrap/css/bootstrap.min.css]
[nncminhchau.vn/assets/js/owl.js]
[nncminhchau.vn/assets/fonts/fontawesome-webfonte0a5.eot]
[nncminhchau.vn/assets/fonts/fontawesome-webfontd41d.eot]
[nncminhchau.vn/assets/fonts/fontawesome-webfonte0a5.woff2]
[nncminhchau.vn/assets/fonts/fontawesome-webfonte0a5.woff]
[nncminhchau.vn/assets/fonts/fontawesome-webfonte0a5.ttf]
[nncminhchau.vn/assets/css/fontawesome.css]
[nncminhchau.vn/assets/images/banner-bg.jpg]
[nncminhchau.vn/assets/css/tooplate-main.css]
[nncminhchau.vn/assets/css/owl.css]
[nncminhchau.vn/assets/css/utilities.css]
[nncminhchau.vn/index-2.html]
[nncminhchau.vn/assets/js/isotope.js]
[nncminhchau.vn/products.html]
[nncminhchau.vn/about.html]
[nncminhchau.vn/contact.html]
[nncminhchau.vn/yanmar-model01.html]
[nncminhchau.vn/yanmar-model02.html]
[nncminhchau.vn/yamahar-model01.html]
[nncminhchau.vn/yamaha-model02.html]
[nncminhchau.vn/komatshu-model01.html]
[nncminhchau.vn/yanmar-model04.html]
[nncminhchau.vn/mitsubishi-model02.html]
[nncminhchau.vn/mitsubishi-model01.html]
[nncminhchau.vn/isuzu-model01.html]
[nncminhchau.vn/isuzu-model02.html]
[nncminhchau.vn/assets/js/flex-slider.js]
[nncminhchau.vn/assets/fonts/fontawesome-webfonte0a5.svg]
[nncminhchau.vn/assets/css/owl.video.play.html]
[nncminhchau.vn/assets/fonts/flexslider-icon.eot]
[nncminhchau.vn/assets/fonts/flexslider-icond41d.eot]
[nncminhchau.vn/assets/fonts/flexslider-icon.woff]
[nncminhchau.vn/assets/fonts/flexslider-icon.ttf]
[nncminhchau.vn/assets/css/flex-slider.css]
[nncminhchau.vn/0936837967.html]
[nncminhchau.vn/assets/fonts/flexslider-icon.svg]
